../Src/ESP_AT_Commands/ESP01.c:27:11:ESP01_u8RecieveOKString	16	static
../Src/ESP_AT_Commands/ESP01.c:54:11:ESP01_u8RecieveOKStringWithoutStack	16	static
../Src/ESP_AT_Commands/ESP01.c:85:11:ESP01_recieveConnectedOrDisConnecteString	16	static
../Src/ESP_AT_Commands/ESP01.c:121:11:ESP01_u8ReceiveClosed	16	static
../Src/ESP_AT_Commands/ESP01.c:153:11:ESP01_u8NumberToString	24	static
../Src/ESP_AT_Commands/ESP01.c:182:11:ESP01_u8ReceiveDataFromServer	64	static
../Src/ESP_AT_Commands/ESP01.c:274:13:ESP01_voidIncrmentGlobalCounter	4	static
../Src/ESP_AT_Commands/ESP01.c:280:6:ESP01_voidInit	16	static
../Src/ESP_AT_Commands/ESP01.c:302:4:ESP01_u8CheckModuleConnection	16	static
../Src/ESP_AT_Commands/ESP01.c:318:4:ESP01_u8SendAT_TestCommand	16	static
../Src/ESP_AT_Commands/ESP01.c:327:4:ESP01_u8SendDisableEchoCommand	16	static
../Src/ESP_AT_Commands/ESP01.c:336:4:ESP01_u8RestartModule	16	static
../Src/ESP_AT_Commands/ESP01.c:346:4:ESP01_u8SetAcessPointMode	16	static
../Src/ESP_AT_Commands/ESP01.c:355:4:ESP01_u8SetStationMode	16	static
../Src/ESP_AT_Commands/ESP01.c:364:4:ESP01_u8SetAcessAndStationModes	16	static
../Src/ESP_AT_Commands/ESP01.c:376:4:ESP01_u8ConnectToWIFI	80	dynamic
../Src/ESP_AT_Commands/ESP01.c:424:4:ESP01_u8ConnectToServer	80	dynamic
../Src/ESP_AT_Commands/ESP01.c:494:4:ESP01_u8SendDataOverConnection	128	dynamic
