../Src/APP/APP.c:31:13:APP_voidSystickCallBackFun	16	static
../Src/APP/APP.c:50:6:APP_voidOpenWifiErrorLed	8	static
../Src/APP/APP.c:56:6:APP_voidCloseWifiErrorLed	8	static
../Src/APP/APP.c:62:6:APP_Init	40	static
../Src/APP/APP.c:104:32:APP_u8InitWifiConnection	16	static
../Src/APP/APP.c:151:4:APP_sendString	568	static
../Src/APP/APP.c:178:13:APP_voidReverseString	24	static
../Src/APP/APP.c:194:13:APP_voidChangeQueueDataToString	48	static
../Src/APP/APP.c:248:13:APP_voidSendDataBy_WiFi	488	static
../Src/APP/APP.c:263:6:APP_voidSendData	16	static
