Archive member included to satisfy reference by file (symbol)

C:/ST/STM32CubeIDE_1.13.0/STM32CubeIDE/plugins/com.st.stm32cube.ide.mcu.externaltools.gnu-tools-for-stm32.11.3.rel1.win32_1.1.0.202305231506/tools/bin/../lib/gcc/arm-none-eabi/11.3.1/../../../../arm-none-eabi/lib/thumb/v7e-m+fp/hard\libc_nano.a(libc_a-exit.o)
                              C:/ST/STM32CubeIDE_1.13.0/STM32CubeIDE/plugins/com.st.stm32cube.ide.mcu.externaltools.gnu-tools-for-stm32.11.3.rel1.win32_1.1.0.202305231506/tools/bin/../lib/gcc/arm-none-eabi/11.3.1/../../../../arm-none-eabi/lib/thumb/v7e-m+fp/hard/crt0.o (exit)
C:/ST/STM32CubeIDE_1.13.0/STM32CubeIDE/plugins/com.st.stm32cube.ide.mcu.externaltools.gnu-tools-for-stm32.11.3.rel1.win32_1.1.0.202305231506/tools/bin/../lib/gcc/arm-none-eabi/11.3.1/../../../../arm-none-eabi/lib/thumb/v7e-m+fp/hard\libc_nano.a(libc_a-findfp.o)
                              C:/ST/STM32CubeIDE_1.13.0/STM32CubeIDE/plugins/com.st.stm32cube.ide.mcu.externaltools.gnu-tools-for-stm32.11.3.rel1.win32_1.1.0.202305231506/tools/bin/../lib/gcc/arm-none-eabi/11.3.1/../../../../arm-none-eabi/lib/thumb/v7e-m+fp/hard\libc_nano.a(libc_a-exit.o) (__stdio_exit_handler)
C:/ST/STM32CubeIDE_1.13.0/STM32CubeIDE/plugins/com.st.stm32cube.ide.mcu.externaltools.gnu-tools-for-stm32.11.3.rel1.win32_1.1.0.202305231506/tools/bin/../lib/gcc/arm-none-eabi/11.3.1/../../../../arm-none-eabi/lib/thumb/v7e-m+fp/hard\libc_nano.a(libc_a-fwalk.o)
                              C:/ST/STM32CubeIDE_1.13.0/STM32CubeIDE/plugins/com.st.stm32cube.ide.mcu.externaltools.gnu-tools-for-stm32.11.3.rel1.win32_1.1.0.202305231506/tools/bin/../lib/gcc/arm-none-eabi/11.3.1/../../../../arm-none-eabi/lib/thumb/v7e-m+fp/hard\libc_nano.a(libc_a-findfp.o) (_fwalk_sglue)
C:/ST/STM32CubeIDE_1.13.0/STM32CubeIDE/plugins/com.st.stm32cube.ide.mcu.externaltools.gnu-tools-for-stm32.11.3.rel1.win32_1.1.0.202305231506/tools/bin/../lib/gcc/arm-none-eabi/11.3.1/../../../../arm-none-eabi/lib/thumb/v7e-m+fp/hard\libc_nano.a(libc_a-stdio.o)
                              C:/ST/STM32CubeIDE_1.13.0/STM32CubeIDE/plugins/com.st.stm32cube.ide.mcu.externaltools.gnu-tools-for-stm32.11.3.rel1.win32_1.1.0.202305231506/tools/bin/../lib/gcc/arm-none-eabi/11.3.1/../../../../arm-none-eabi/lib/thumb/v7e-m+fp/hard\libc_nano.a(libc_a-findfp.o) (__sread)
C:/ST/STM32CubeIDE_1.13.0/STM32CubeIDE/plugins/com.st.stm32cube.ide.mcu.externaltools.gnu-tools-for-stm32.11.3.rel1.win32_1.1.0.202305231506/tools/bin/../lib/gcc/arm-none-eabi/11.3.1/../../../../arm-none-eabi/lib/thumb/v7e-m+fp/hard\libc_nano.a(libc_a-memset.o)
                              C:/ST/STM32CubeIDE_1.13.0/STM32CubeIDE/plugins/com.st.stm32cube.ide.mcu.externaltools.gnu-tools-for-stm32.11.3.rel1.win32_1.1.0.202305231506/tools/bin/../lib/gcc/arm-none-eabi/11.3.1/../../../../arm-none-eabi/lib/thumb/v7e-m+fp/hard/crt0.o (memset)
C:/ST/STM32CubeIDE_1.13.0/STM32CubeIDE/plugins/com.st.stm32cube.ide.mcu.externaltools.gnu-tools-for-stm32.11.3.rel1.win32_1.1.0.202305231506/tools/bin/../lib/gcc/arm-none-eabi/11.3.1/../../../../arm-none-eabi/lib/thumb/v7e-m+fp/hard\libc_nano.a(libc_a-closer.o)
                              C:/ST/STM32CubeIDE_1.13.0/STM32CubeIDE/plugins/com.st.stm32cube.ide.mcu.externaltools.gnu-tools-for-stm32.11.3.rel1.win32_1.1.0.202305231506/tools/bin/../lib/gcc/arm-none-eabi/11.3.1/../../../../arm-none-eabi/lib/thumb/v7e-m+fp/hard\libc_nano.a(libc_a-stdio.o) (_close_r)
C:/ST/STM32CubeIDE_1.13.0/STM32CubeIDE/plugins/com.st.stm32cube.ide.mcu.externaltools.gnu-tools-for-stm32.11.3.rel1.win32_1.1.0.202305231506/tools/bin/../lib/gcc/arm-none-eabi/11.3.1/../../../../arm-none-eabi/lib/thumb/v7e-m+fp/hard\libc_nano.a(libc_a-reent.o)
                              C:/ST/STM32CubeIDE_1.13.0/STM32CubeIDE/plugins/com.st.stm32cube.ide.mcu.externaltools.gnu-tools-for-stm32.11.3.rel1.win32_1.1.0.202305231506/tools/bin/../lib/gcc/arm-none-eabi/11.3.1/../../../../arm-none-eabi/lib/thumb/v7e-m+fp/hard\libc_nano.a(libc_a-closer.o) (errno)
C:/ST/STM32CubeIDE_1.13.0/STM32CubeIDE/plugins/com.st.stm32cube.ide.mcu.externaltools.gnu-tools-for-stm32.11.3.rel1.win32_1.1.0.202305231506/tools/bin/../lib/gcc/arm-none-eabi/11.3.1/../../../../arm-none-eabi/lib/thumb/v7e-m+fp/hard\libc_nano.a(libc_a-impure.o)
                              C:/ST/STM32CubeIDE_1.13.0/STM32CubeIDE/plugins/com.st.stm32cube.ide.mcu.externaltools.gnu-tools-for-stm32.11.3.rel1.win32_1.1.0.202305231506/tools/bin/../lib/gcc/arm-none-eabi/11.3.1/../../../../arm-none-eabi/lib/thumb/v7e-m+fp/hard\libc_nano.a(libc_a-reent.o) (_impure_ptr)
C:/ST/STM32CubeIDE_1.13.0/STM32CubeIDE/plugins/com.st.stm32cube.ide.mcu.externaltools.gnu-tools-for-stm32.11.3.rel1.win32_1.1.0.202305231506/tools/bin/../lib/gcc/arm-none-eabi/11.3.1/../../../../arm-none-eabi/lib/thumb/v7e-m+fp/hard\libc_nano.a(libc_a-lseekr.o)
[...]
Memory Configuration

Name             Origin             Length             Attributes
RAM              0x0000000020000000 0x0000000000010000 xrw
FLASH            0x0000000008000000 0x0000000000040000 xr
*default*        0x0000000000000000 0xffffffffffffffff

Linker script and memory map

LOAD C:/ST/STM32CubeIDE_1.13.0/STM32CubeIDE/plugins/com.st.stm32cube.ide.mcu.externaltools.gnu-tools-for-stm32.11.3.rel1.win32_1.1.0.202305231506/tools/bin/../lib/gcc/arm-none-eabi/11.3.1/thumb/v7e-m+fp/hard/crti.o
LOAD C:/ST/STM32CubeIDE_1.13.0/STM32CubeIDE/plugins/com.st.stm32cube.ide.mcu.externaltools.gnu-tools-for-stm32.11.3.rel1.win32_1.1.0.202305231506/tools/bin/../lib/gcc/arm-none-eabi/11.3.1/thumb/v7e-m+fp/hard/crtbegin.o
LOAD C:/ST/STM32CubeIDE_1.13.0/STM32CubeIDE/plugins/com.st.stm32cube.ide.mcu.externaltools.gnu-tools-for-stm32.11.3.rel1.win32_1.1.0.202305231506/tools/bin/../lib/gcc/arm-none-eabi/11.3.1/../../../../arm-none-eabi/lib/thumb/v7e-m+fp/hard/crt0.o
LOAD ./Src/ADC/ADC_program.o
LOAD ./Src/APP/APP.o
LOAD ./Src/ESP_AT_Commands/ESP01.o
LOAD ./Src/ESP_AT_Commands/USART_Program.o
LOAD ./Src/GPIO/GPIO_Program.o
LOAD ./Src/RCC/RCC_program.o
LOAD ./Src/SYSTICK/SYSTICK_program.o
LOAD ./Src/main.o
LOAD ./Src/syscalls.o
LOAD ./Src/sysmem.o
LOAD ./Src/queue/queue.o
LOAD ./Startup/startup_stm32f401ccux.o
START GROUP
LOAD C:/ST/STM32CubeIDE_1.13.0/STM32CubeIDE/plugins/com.st.stm32cube.ide.mcu.externaltools.gnu-tools-for-stm32.11.3.rel1.win32_1.1.0.202305231506/tools/bin/../lib/gcc/arm-none-eabi/11.3.1/../../../../arm-none-eabi/lib/thumb/v7e-m+fp/hard\libc_nano.a
LOAD C:/ST/STM32CubeIDE_1.13.0/STM32CubeIDE/plugins/com.st.stm32cube.ide.mcu.externaltools.gnu-tools-for-stm32.11.3.rel1.win32_1.1.0.202305231506/tools/bin/../lib/gcc/arm-none-eabi/11.3.1/../../../../arm-none-eabi/lib/thumb/v7e-m+fp/hard\libm.a
END GROUP
START GROUP
LOAD C:/ST/STM32CubeIDE_1.13.0/STM32CubeIDE/plugins/com.st.stm32cube.ide.mcu.externaltools.gnu-tools-for-stm32.11.3.rel1.win32_1.1.0.202305231506/tools/bin/../lib/gcc/arm-none-eabi/11.3.1/thumb/v7e-m+fp/hard\libgcc.a
LOAD C:/ST/STM32CubeIDE_1.13.0/STM32CubeIDE/plugins/com.st.stm32cube.ide.mcu.externaltools.gnu-tools-for-stm32.11.3.rel1.win32_1.1.0.202305231506/tools/bin/../lib/gcc/arm-none-eabi/11.3.1/../../../../arm-none-eabi/lib/thumb/v7e-m+fp/hard\libc_nano.a
END GROUP
START GROUP
LOAD C:/ST/STM32CubeIDE_1.13.0/STM32CubeIDE/plugins/com.st.stm32cube.ide.mcu.externaltools.gnu-tools-for-stm32.11.3.rel1.win32_1.1.0.202305231506/tools/bin/../lib/gcc/arm-none-eabi/11.3.1/thumb/v7e-m+fp/hard\libgcc.a
LOAD C:/ST/STM32CubeIDE_1.13.0/STM32CubeIDE/plugins/com.st.stm32cube.ide.mcu.externaltools.gnu-tools-for-stm32.11.3.rel1.win32_1.1.0.202305231506/tools/bin/../lib/gcc/arm-none-eabi/11.3.1/../../../../arm-none-eabi/lib/thumb/v7e-m+fp/hard\libc_nano.a
LOAD C:/ST/STM32CubeIDE_1.13.0/STM32CubeIDE/plugins/com.st.stm32cube.ide.mcu.externaltools.gnu-tools-for-stm32.11.3.rel1.win32_1.1.0.202305231506/tools/bin/../lib/gcc/arm-none-eabi/11.3.1/../../../../arm-none-eabi/lib/thumb/v7e-m+fp/hard\libnosys.a
END GROUP
START GROUP
LOAD C:/ST/STM32CubeIDE_1.13.0/STM32CubeIDE/plugins/com.st.stm32cube.ide.mcu.externaltools.gnu-tools-for-stm32.11.3.rel1.win32_1.1.0.202305231506/tools/bin/../lib/gcc/arm-none-eabi/11.3.1/thumb/v7e-m+fp/hard\libgcc.a
LOAD C:/ST/STM32CubeIDE_1.13.0/STM32CubeIDE/plugins/com.st.stm32cube.ide.mcu.externaltools.gnu-tools-for-stm32.11.3.rel1.win32_1.1.0.202305231506/tools/bin/../lib/gcc/arm-none-eabi/11.3.1/../../../../arm-none-eabi/lib/thumb/v7e-m+fp/hard\libc_nano.a
LOAD C:/ST/STM32CubeIDE_1.13.0/STM32CubeIDE/plugins/com.st.stm32cube.ide.mcu.externaltools.gnu-tools-for-stm32.11.3.rel1.win32_1.1.0.202305231506/tools/bin/../lib/gcc/arm-none-eabi/11.3.1/../../../../arm-none-eabi/lib/thumb/v7e-m+fp/hard\libnosys.a
END GROUP
LOAD C:/ST/STM32CubeIDE_1.13.0/STM32CubeIDE/plugins/com.st.stm32cube.ide.mcu.externaltools.gnu-tools-for-stm32.11.3.rel1.win32_1.1.0.202305231506/tools/bin/../lib/gcc/arm-none-eabi/11.3.1/thumb/v7e-m+fp/hard/crtend.o
LOAD C:/ST/STM32CubeIDE_1.13.0/STM32CubeIDE/plugins/com.st.stm32cube.ide.mcu.externaltools.gnu-tools-for-stm32.11.3.rel1.win32_1.1.0.202305231506/tools/bin/../lib/gcc/arm-none-eabi/11.3.1/thumb/v7e-m+fp/hard/crtn.o
                0x0000000020010000                _estack = (ORIGIN (RAM) + LENGTH (RAM))
                0x0000000000000200                _Min_Heap_Size = 0x200
                0x0000000000000400                _Min_Stack_Size = 0x400

.isr_vector     0x0000000008000000      0x194
                0x0000000008000000                . = ALIGN (0x4)
 *(.isr_vector)
 .isr_vector    0x0000000008000000      0x194 ./Startup/startup_stm32f401ccux.o
                0x0000000008000000                g_pfnVectors
                0x0000000008000194                . = ALIGN (0x4)

.text           0x0000000008000194     0x17b0
                0x0000000008000194                . = ALIGN (0x4)
 *(.text)
 .text          0x0000000008000194       0x40 C:/ST/STM32CubeIDE_1.13.0/STM32CubeIDE/plugins/com.st.stm32cube.ide.mcu.externaltools.gnu-tools-for-stm32.11.3.rel1.win32_1.1.0.202305231506/tools/bin/../lib/gcc/arm-none-eabi/11.3.1/thumb/v7e-m+fp/hard/crtbegin.o
 *(.text*)
 .text.ADC_vInit
                0x00000000080001d4       0x64 ./Src/ADC/ADC_program.o
                0x00000000080001d4                ADC_vInit
 .text.ADC_u16ReadChannel
                0x0000000008000238       0x4c ./Src/ADC/ADC_program.o
                0x0000000008000238                ADC_u16ReadChannel
 .text.APP_voidSystickCallBackFun
                0x0000000008000284       0x44 ./Src/APP/APP.o
 .text.APP_voidOpenWifiErrorLed
                0x00000000080002c8       0x12 ./Src/APP/APP.o
                0x00000000080002c8                APP_voidOpenWifiErrorLed
 .text.APP_voidCloseWifiErrorLed
                0x00000000080002da       0x12 ./Src/APP/APP.o
                0x00000000080002da                APP_voidCloseWifiErrorLed
 .text.APP_Init
                0x00000000080002ec       0xd0 ./Src/APP/APP.o
                0x00000000080002ec                APP_Init
 .text.APP_u8InitWifiConnection
                0x00000000080003bc       0x94 ./Src/APP/APP.o
                0x00000000080003bc                APP_u8InitWifiConnection
 .text.APP_sendString
                0x0000000008000450      0x11c ./Src/APP/APP.o
                0x0000000008000450                APP_sendString
 .text.APP_voidReverseString
                0x000000000800056c       0x66 ./Src/APP/APP.o
 *fill*         0x00000000080005d2        0x2 
 .text.APP_voidChangeQueueDataToString
                0x00000000080005d4      0x104 ./Src/APP/APP.o
 .text.APP_voidSendDataBy_WiFi
                0x00000000080006d8       0x5e ./Src/APP/APP.o
 .text.APP_voidSendData
                0x0000000008000736       0x1e ./Src/APP/APP.o
                0x0000000008000736                APP_voidSendData
 .text.ESP01_u8RecieveOKString
                0x0000000008000754       0x68 ./Src/ESP_AT_Commands/ESP01.o
 .text.ESP01_u8RecieveOKStringWithoutStack
                0x00000000080007bc       0x6e ./Src/ESP_AT_Commands/ESP01.o
 .text.ESP01_recieveConnectedOrDisConnecteString
                0x000000000800082a       0x94 ./Src/ESP_AT_Commands/ESP01.o
 *fill*         0x00000000080008be        0x2 
 .text.ESP01_u8NumberToString
                0x00000000080008c0       0xa0 ./Src/ESP_AT_Commands/ESP01.o
 .text.ESP01_voidInit
                0x0000000008000960       0x64 ./Src/ESP_AT_Commands/ESP01.o
                0x0000000008000960                ESP01_voidInit
 .text.ESP01_u8CheckModuleConnection
                0x00000000080009c4       0x2c ./Src/ESP_AT_Commands/ESP01.o
                0x00000000080009c4                ESP01_u8CheckModuleConnection
 .text.ESP01_u8SendDisableEchoCommand
                0x00000000080009f0       0x24 ./Src/ESP_AT_Commands/ESP01.o
                0x00000000080009f0                ESP01_u8SendDisableEchoCommand
 .text.ESP01_u8SetStationMode
                0x0000000008000a14       0x24 ./Src/ESP_AT_Commands/ESP01.o
                0x0000000008000a14                ESP01_u8SetStationMode
 .text.ESP01_u8ConnectToWIFI
                0x0000000008000a38      0x18c ./Src/ESP_AT_Commands/ESP01.o
                0x0000000008000a38                ESP01_u8ConnectToWIFI
 .text.ESP01_u8ConnectToServer
                0x0000000008000bc4      0x20c ./Src/ESP_AT_Commands/ESP01.o
                0x0000000008000bc4                ESP01_u8ConnectToServer
 .text.ESP01_u8SendDataOverConnection
                0x0000000008000dd0      0x310 ./Src/ESP_AT_Commands/ESP01.o
                0x0000000008000dd0                ESP01_u8SendDataOverConnection
 .text.USART_voidInit
                0x00000000080010e0       0x3c ./Src/ESP_AT_Commands/USART_Program.o
                0x00000000080010e0                USART_voidInit
 .text.USART_voidSend
                0x000000000800111c       0x64 ./Src/ESP_AT_Commands/USART_Program.o
                0x000000000800111c                USART_voidSend
 .text.USART_voidReceive
                0x0000000008001180       0x30 ./Src/ESP_AT_Commands/USART_Program.o
                0x0000000008001180                USART_voidReceive
 .text.USART_voidReceiveWithouStackPolling
                0x00000000080011b0       0x38 ./Src/ESP_AT_Commands/USART_Program.o
                0x00000000080011b0                USART_voidReceiveWithouStackPolling
 .text.GPIO_voidSetPin
                0x00000000080011e8       0x80 ./Src/GPIO/GPIO_Program.o
                0x00000000080011e8                GPIO_voidSetPin
 .text.GPIO_voidPinMode
                0x0000000008001268       0x60 ./Src/GPIO/GPIO_Program.o
                0x0000000008001268                GPIO_voidPinMode
 .text.GPIO_voidPinOutputMode
                0x00000000080012c8       0x50 ./Src/GPIO/GPIO_Program.o
                0x00000000080012c8                GPIO_voidPinOutputMode
 .text.GPIO_voidOutputSpeed
                0x0000000008001318       0x60 ./Src/GPIO/GPIO_Program.o
                0x0000000008001318                GPIO_voidOutputSpeed
 .text.GPIO_void_PullType
                0x0000000008001378       0x60 ./Src/GPIO/GPIO_Program.o
                0x0000000008001378                GPIO_void_PullType
 .text.GPIO_setAlternativeFunction
                0x00000000080013d8       0x80 ./Src/GPIO/GPIO_Program.o
                0x00000000080013d8                GPIO_setAlternativeFunction
 .text.GPIO_voidInti
                0x0000000008001458       0xa0 ./Src/GPIO/GPIO_Program.o
                0x0000000008001458                GPIO_voidInti
 .text.RCC_voidInitSysCls
                0x00000000080014f8       0x54 ./Src/RCC/RCC_program.o
                0x00000000080014f8                RCC_voidInitSysCls
 .text.RCC_voidEnablePerpheralClk
                0x000000000800154c       0xac ./Src/RCC/RCC_program.o
                0x000000000800154c                RCC_voidEnablePerpheralClk
 .text.SYSTICK_voidInit
                0x00000000080015f8       0x20 ./Src/SYSTICK/SYSTICK_program.o
                0x00000000080015f8                SYSTICK_voidInit
 .text.SYSTICK_voidDisable
                0x0000000008001618       0x40 ./Src/SYSTICK/SYSTICK_program.o
                0x0000000008001618                SYSTICK_voidDisable
 .text.SYSTICK_voidSetIntervalNumber
                0x0000000008001658       0x54 ./Src/SYSTICK/SYSTICK_program.o
                0x0000000008001658                SYSTICK_voidSetIntervalNumber
 .text.SysTick_Handler
                0x00000000080016ac       0x4c ./Src/SYSTICK/SYSTICK_program.o
                0x00000000080016ac                SysTick_Handler
 .text.main     0x00000000080016f8       0x56 ./Src/main.o
                0x00000000080016f8                main
 *fill*         0x000000000800174e        0x2 
 .text.Queue_init
                0x0000000008001750       0x24 ./Src/queue/queue.o
                0x0000000008001750                Queue_init
 .text.enqueue  0x0000000008001774       0x74 ./Src/queue/queue.o
                0x0000000008001774                enqueue
 .text.dequeue  0x00000000080017e8       0x7c ./Src/queue/queue.o
                0x00000000080017e8                dequeue
 .text.queue_size
                0x0000000008001864       0x1c ./Src/queue/queue.o
                0x0000000008001864                queue_size
 .text.Reset_Handler
                0x0000000008001880       0x50 ./Startup/startup_stm32f401ccux.o
                0x0000000008001880                Reset_Handler
 .text.Default_Handler
                0x00000000080018d0        0x2 ./Startup/startup_stm32f401ccux.o
                0x00000000080018d0                EXTI2_IRQHandler
                0x00000000080018d0                DebugMon_Handler
                0x00000000080018d0                SPI4_IRQHandler
                0x00000000080018d0                TIM1_CC_IRQHandler
                0x00000000080018d0                DMA2_Stream5_IRQHandler
                0x00000000080018d0                HardFault_Handler
                0x00000000080018d0                DMA1_Stream5_IRQHandler
                0x00000000080018d0                SDIO_IRQHandler
                0x00000000080018d0                TAMP_STAMP_IRQHandler
                0x00000000080018d0                PendSV_Handler
                0x00000000080018d0                NMI_Handler
                0x00000000080018d0                EXTI3_IRQHandler
                0x00000000080018d0                TIM1_UP_TIM10_IRQHandler
                0x00000000080018d0                I2C3_ER_IRQHandler
                0x00000000080018d0                EXTI18_OTG_FS_WKUP_IRQHandler
                0x00000000080018d0                EXTI0_IRQHandler
                0x00000000080018d0                I2C2_EV_IRQHandler
                0x00000000080018d0                DMA1_Stream2_IRQHandler
                0x00000000080018d0                UsageFault_Handler
                0x00000000080018d0                DMA2_Stream2_IRQHandler
                0x00000000080018d0                SPI1_IRQHandler
                0x00000000080018d0                TIM1_BRK_TIM9_IRQHandler
                0x00000000080018d0                DMA2_Stream3_IRQHandler
                0x00000000080018d0                USART6_IRQHandler
                0x00000000080018d0                DMA2_Stream0_IRQHandler
                0x00000000080018d0                TIM4_IRQHandler
                0x00000000080018d0                I2C1_EV_IRQHandler
                0x00000000080018d0                DMA1_Stream6_IRQHandler
                0x00000000080018d0                DMA1_Stream1_IRQHandler
                0x00000000080018d0                TIM3_IRQHandler
                0x00000000080018d0                RCC_IRQHandler
                0x00000000080018d0                Default_Handler
                0x00000000080018d0                EXTI15_10_IRQHandler
                0x00000000080018d0                ADC_IRQHandler
                0x00000000080018d0                DMA1_Stream7_IRQHandler
                0x00000000080018d0                TIM5_IRQHandler
                0x00000000080018d0                DMA2_Stream7_IRQHandler
                0x00000000080018d0                I2C3_EV_IRQHandler
                0x00000000080018d0                EXTI9_5_IRQHandler
                0x00000000080018d0                SPI2_IRQHandler
                0x00000000080018d0                MemManage_Handler
                0x00000000080018d0                DMA1_Stream0_IRQHandler
                0x00000000080018d0                SVC_Handler
                0x00000000080018d0                EXTI4_IRQHandler
                0x00000000080018d0                EXTI22_RTC_WKUP_IRQHandler
                0x00000000080018d0                TIM2_IRQHandler
                0x00000000080018d0                EXTI16_PVD_IRQHandler
                0x00000000080018d0                TIM1_TRG_COM_TIM11_IRQHandler
                0x00000000080018d0                EXTI1_IRQHandler
                0x00000000080018d0                EXTI17_RTC_Alarm_IRQHandler
                0x00000000080018d0                USART2_IRQHandler
                0x00000000080018d0                I2C2_ER_IRQHandler
                0x00000000080018d0                DMA2_Stream1_IRQHandler
                0x00000000080018d0                FLASH_IRQHandler
                0x00000000080018d0                DMA2_Stream4_IRQHandler
                0x00000000080018d0                BusFault_Handler
                0x00000000080018d0                USART1_IRQHandler
                0x00000000080018d0                OTG_FS_IRQHandler
                0x00000000080018d0                SPI3_IRQHandler
                0x00000000080018d0                DMA1_Stream4_IRQHandler
                0x00000000080018d0                I2C1_ER_IRQHandler
                0x00000000080018d0                DMA2_Stream6_IRQHandler
                0x00000000080018d0                DMA1_Stream3_IRQHandler
 .text.memset   0x00000000080018d2       0x10 C:/ST/STM32CubeIDE_1.13.0/STM32CubeIDE/plugins/com.st.stm32cube.ide.mcu.externaltools.gnu-tools-for-stm32.11.3.rel1.win32_1.1.0.202305231506/tools/bin/../lib/gcc/arm-none-eabi/11.3.1/../../../../arm-none-eabi/lib/thumb/v7e-m+fp/hard\libc_nano.a(libc_a-memset.o)
                0x00000000080018d2                memset
 *fill*         0x00000000080018e2        0x2 
 .text.__libc_init_array
                0x00000000080018e4       0x48 C:/ST/STM32CubeIDE_1.13.0/STM32CubeIDE/plugins/com.st.stm32cube.ide.mcu.externaltools.gnu-tools-for-stm32.11.3.rel1.win32_1.1.0.202305231506/tools/bin/../lib/gcc/arm-none-eabi/11.3.1/../../../../arm-none-eabi/lib/thumb/v7e-m+fp/hard\libc_nano.a(libc_a-init.o)
                0x00000000080018e4                __libc_init_array
 *(.glue_7)
 .glue_7        0x000000000800192c        0x0 linker stubs
 *(.glue_7t)
 .glue_7t       0x000000000800192c        0x0 linker stubs
 *(.eh_frame)
 .eh_frame      0x000000000800192c        0x0 C:/ST/STM32CubeIDE_1.13.0/STM32CubeIDE/plugins/com.st.stm32cube.ide.mcu.externaltools.gnu-tools-for-stm32.11.3.rel1.win32_1.1.0.202305231506/tools/bin/../lib/gcc/arm-none-eabi/11.3.1/thumb/v7e-m+fp/hard/crtbegin.o
 *(.init)
 .init          0x000000000800192c        0x4 C:/ST/STM32CubeIDE_1.13.0/STM32CubeIDE/plugins/com.st.stm32cube.ide.mcu.externaltools.gnu-tools-for-stm32.11.3.rel1.win32_1.1.0.202305231506/tools/bin/../lib/gcc/arm-none-eabi/11.3.1/thumb/v7e-m+fp/hard/crti.o
                0x000000000800192c                _init
 .init          0x0000000008001930        0x8 C:/ST/STM32CubeIDE_1.13.0/STM32CubeIDE/plugins/com.st.stm32cube.ide.mcu.externaltools.gnu-tools-for-stm32.11.3.rel1.win32_1.1.0.202305231506/tools/bin/../lib/gcc/arm-none-eabi/11.3.1/thumb/v7e-m+fp/hard/crtn.o
 *(.fini)
 .fini          0x0000000008001938        0x4 C:/ST/STM32CubeIDE_1.13.0/STM32CubeIDE/plugins/com.st.stm32cube.ide.mcu.externaltools.gnu-tools-for-stm32.11.3.rel1.win32_1.1.0.202305231506/tools/bin/../lib/gcc/arm-none-eabi/11.3.1/thumb/v7e-m+fp/hard/crti.o
                0x0000000008001938                _fini
 .fini          0x000000000800193c        0x8 C:/ST/STM32CubeIDE_1.13.0/STM32CubeIDE/plugins/com.st.stm32cube.ide.mcu.externaltools.gnu-tools-for-stm32.11.3.rel1.win32_1.1.0.202305231506/tools/bin/../lib/gcc/arm-none-eabi/11.3.1/thumb/v7e-m+fp/hard/crtn.o
                0x0000000008001944                . = ALIGN (0x4)
                0x0000000008001944                _etext = .

.vfp11_veneer   0x0000000008001944        0x0
 .vfp11_veneer  0x0000000008001944        0x0 linker stubs

.v4_bx          0x0000000008001944        0x0
 .v4_bx         0x0000000008001944        0x0 linker stubs

.iplt           0x0000000008001944        0x0
 .iplt          0x0000000008001944        0x0 C:/ST/STM32CubeIDE_1.13.0/STM32CubeIDE/plugins/com.st.stm32cube.ide.mcu.externaltools.gnu-tools-for-stm32.11.3.rel1.win32_1.1.0.202305231506/tools/bin/../lib/gcc/arm-none-eabi/11.3.1/thumb/v7e-m+fp/hard/crtbegin.o

.rodata         0x0000000008001944       0xe8
                0x0000000008001944                . = ALIGN (0x4)
 *(.rodata)
 .rodata        0x0000000008001944       0x6f ./Src/APP/APP.o
 *fill*         0x00000000080019b3        0x1 
 .rodata        0x00000000080019b4       0x77 ./Src/ESP_AT_Commands/ESP01.o
 *(.rodata*)
                0x0000000008001a2c                . = ALIGN (0x4)
 *fill*         0x0000000008001a2b        0x1 

.rel.dyn        0x0000000008001a2c        0x0
 .rel.iplt      0x0000000008001a2c        0x0 C:/ST/STM32CubeIDE_1.13.0/STM32CubeIDE/plugins/com.st.stm32cube.ide.mcu.externaltools.gnu-tools-for-stm32.11.3.rel1.win32_1.1.0.202305231506/tools/bin/../lib/gcc/arm-none-eabi/11.3.1/thumb/v7e-m+fp/hard/crtbegin.o

.ARM.extab      0x0000000008001a2c        0x0
                0x0000000008001a2c                . = ALIGN (0x4)
 *(.ARM.extab* .gnu.linkonce.armextab.*)
                0x0000000008001a2c                . = ALIGN (0x4)

.ARM            0x0000000008001a2c        0x0
                0x0000000008001a2c                . = ALIGN (0x4)
                0x0000000008001a2c                __exidx_start = .
 *(.ARM.exidx*)
                0x0000000008001a2c                __exidx_end = .
                0x0000000008001a2c                . = ALIGN (0x4)

.preinit_array  0x0000000008001a2c        0x0
                0x0000000008001a2c                . = ALIGN (0x4)
                0x0000000008001a2c                PROVIDE (__preinit_array_start = .)
 *(.preinit_array*)
                0x0000000008001a2c                PROVIDE (__preinit_array_end = .)
                0x0000000008001a2c                . = ALIGN (0x4)

.init_array     0x0000000008001a2c        0x4
                0x0000000008001a2c                . = ALIGN (0x4)
                0x0000000008001a2c                PROVIDE (__init_array_start = .)
 *(SORT_BY_NAME(.init_array.*))
 *(.init_array*)
 .init_array    0x0000000008001a2c        0x4 C:/ST/STM32CubeIDE_1.13.0/STM32CubeIDE/plugins/com.st.stm32cube.ide.mcu.externaltools.gnu-tools-for-stm32.11.3.rel1.win32_1.1.0.202305231506/tools/bin/../lib/gcc/arm-none-eabi/11.3.1/thumb/v7e-m+fp/hard/crtbegin.o
                0x0000000008001a30                PROVIDE (__init_array_end = .)
                0x0000000008001a30                . = ALIGN (0x4)

.fini_array     0x0000000008001a30        0x4
                0x0000000008001a30                . = ALIGN (0x4)
                [!provide]                        PROVIDE (__fini_array_start = .)
 *(SORT_BY_NAME(.fini_array.*))
 *(.fini_array*)
 .fini_array    0x0000000008001a30        0x4 C:/ST/STM32CubeIDE_1.13.0/STM32CubeIDE/plugins/com.st.stm32cube.ide.mcu.externaltools.gnu-tools-for-stm32.11.3.rel1.win32_1.1.0.202305231506/tools/bin/../lib/gcc/arm-none-eabi/11.3.1/thumb/v7e-m+fp/hard/crtbegin.o
                [!provide]                        PROVIDE (__fini_array_end = .)
                0x0000000008001a34                . = ALIGN (0x4)
                0x0000000008001a34                _sidata = LOADADDR (.data)

.data           0x0000000020000000        0xc load address 0x0000000008001a34
                0x0000000020000000                . = ALIGN (0x4)
                0x0000000020000000                _sdata = .
 *(.data)
 *(.data*)
 .data.GPIO_PORT
                0x0000000020000000        0xc ./Src/GPIO/GPIO_Program.o
 *(.RamFunc)
 *(.RamFunc*)
                0x000000002000000c                . = ALIGN (0x4)
                0x000000002000000c                _edata = .

.igot.plt       0x000000002000000c        0x0 load address 0x0000000008001a40
 .igot.plt      0x000000002000000c        0x0 C:/ST/STM32CubeIDE_1.13.0/STM32CubeIDE/plugins/com.st.stm32cube.ide.mcu.externaltools.gnu-tools-for-stm32.11.3.rel1.win32_1.1.0.202305231506/tools/bin/../lib/gcc/arm-none-eabi/11.3.1/thumb/v7e-m+fp/hard/crtbegin.o
                0x000000002000000c                . = ALIGN (0x4)

.bss            0x000000002000000c      0x1bc load address 0x0000000008001a40
                0x000000002000000c                _sbss = .
                0x000000002000000c                __bss_start__ = _sbss
 *(.bss)
 .bss           0x000000002000000c       0x1c C:/ST/STM32CubeIDE_1.13.0/STM32CubeIDE/plugins/com.st.stm32cube.ide.mcu.externaltools.gnu-tools-for-stm32.11.3.rel1.win32_1.1.0.202305231506/tools/bin/../lib/gcc/arm-none-eabi/11.3.1/thumb/v7e-m+fp/hard/crtbegin.o
 *(.bss*)
 .bss.g_callBackFun
                0x0000000020000028        0x4 ./Src/SYSTICK/SYSTICK_program.o
 .bss.g_state   0x000000002000002c        0x4 ./Src/SYSTICK/SYSTICK_program.o
                0x000000002000002c                g_state
 .bss.queue_rear
                0x0000000020000030        0x2 ./Src/queue/queue.o
 .bss.queue_front
                0x0000000020000032        0x2 ./Src/queue/queue.o
 .bss.queue_counter
                0x0000000020000034        0x2 ./Src/queue/queue.o
 *fill*         0x0000000020000036        0x2 
 .bss.queue_array
                0x0000000020000038      0x190 ./Src/queue/queue.o
 *(COMMON)
                0x00000000200001c8                . = ALIGN (0x4)
                0x00000000200001c8                _ebss = .
                0x00000000200001c8                __bss_end__ = _ebss

._user_heap_stack
                0x00000000200001c8      0x600 load address 0x0000000008001a40
                0x00000000200001c8                . = ALIGN (0x8)
                [!provide]                        PROVIDE (end = .)
                0x00000000200001c8                PROVIDE (_end = .)
                0x00000000200003c8                . = (. + _Min_Heap_Size)
 *fill*         0x00000000200001c8      0x200 
                0x00000000200007c8                . = (. + _Min_Stack_Size)
 *fill*         0x00000000200003c8      0x400 
                0x00000000200007c8                . = ALIGN (0x8)

/DISCARD/
 libc.a(*)
 libm.a(*)
 libgcc.a(*)

.ARM.attributes
                0x0000000000000000       0x30
 *(.ARM.attributes)
 .ARM.attributes
                0x0000000000000000       0x1e C:/ST/STM32CubeIDE_1.13.0/STM32CubeIDE/plugins/com.st.stm32cube.ide.mcu.externaltools.gnu-tools-for-stm32.11.3.rel1.win32_1.1.0.202305231506/tools/bin/../lib/gcc/arm-none-eabi/11.3.1/thumb/v7e-m+fp/hard/crti.o
 .ARM.attributes
                0x000000000000001e       0x34 C:/ST/STM32CubeIDE_1.13.0/STM32CubeIDE/plugins/com.st.stm32cube.ide.mcu.externaltools.gnu-tools-for-stm32.11.3.rel1.win32_1.1.0.202305231506/tools/bin/../lib/gcc/arm-none-eabi/11.3.1/thumb/v7e-m+fp/hard/crtbegin.o
 .ARM.attributes
                0x0000000000000052       0x34 ./Src/ADC/ADC_program.o
 .ARM.attributes
                0x0000000000000086       0x34 ./Src/APP/APP.o
 .ARM.attributes
                0x00000000000000ba       0x34 ./Src/ESP_AT_Commands/ESP01.o
 .ARM.attributes
                0x00000000000000ee       0x34 ./Src/ESP_AT_Commands/USART_Program.o
 .ARM.attributes
                0x0000000000000122       0x34 ./Src/GPIO/GPIO_Program.o
 .ARM.attributes
                0x0000000000000156       0x34 ./Src/RCC/RCC_program.o
 .ARM.attributes
                0x000000000000018a       0x34 ./Src/SYSTICK/SYSTICK_program.o
 .ARM.attributes
                0x00000000000001be       0x34 ./Src/main.o
 .ARM.attributes
                0x00000000000001f2       0x34 ./Src/queue/queue.o
 .ARM.attributes
                0x0000000000000226       0x21 ./Startup/startup_stm32f401ccux.o
 .ARM.attributes
                0x0000000000000247       0x34 C:/ST/STM32CubeIDE_1.13.0/STM32CubeIDE/plugins/com.st.stm32cube.ide.mcu.externaltools.gnu-tools-for-stm32.11.3.rel1.win32_1.1.0.202305231506/tools/bin/../lib/gcc/arm-none-eabi/11.3.1/../../../../arm-none-eabi/lib/thumb/v7e-m+fp/hard\libc_nano.a(libc_a-memset.o)
 .ARM.attributes
                0x000000000000027b       0x34 C:/ST/STM32CubeIDE_1.13.0/STM32CubeIDE/plugins/com.st.stm32cube.ide.mcu.externaltools.gnu-tools-for-stm32.11.3.rel1.win32_1.1.0.202305231506/tools/bin/../lib/gcc/arm-none-eabi/11.3.1/../../../../arm-none-eabi/lib/thumb/v7e-m+fp/hard\libc_nano.a(libc_a-init.o)
 .ARM.attributes
                0x00000000000002af       0x1e C:/ST/STM32CubeIDE_1.13.0/STM32CubeIDE/plugins/com.st.stm32cube.ide.mcu.externaltools.gnu-tools-for-stm32.11.3.rel1.win32_1.1.0.202305231506/tools/bin/../lib/gcc/arm-none-eabi/11.3.1/thumb/v7e-m+fp/hard/crtn.o
OUTPUT(Studemeter.elf elf32-littlearm)
LOAD linker stubs
LOAD C:/ST/STM32CubeIDE_1.13.0/STM32CubeIDE/plugins/com.st.stm32cube.ide.mcu.externaltools.gnu-tools-for-stm32.11.3.rel1.win32_1.1.0.202305231506/tools/bin/../lib/gcc/arm-none-eabi/11.3.1/../../../../arm-none-eabi/lib/thumb/v7e-m+fp/hard\libc.a
LOAD C:/ST/STM32CubeIDE_1.13.0/STM32CubeIDE/plugins/com.st.stm32cube.ide.mcu.externaltools.gnu-tools-for-stm32.11.3.rel1.win32_1.1.0.202305231506/tools/bin/../lib/gcc/arm-none-eabi/11.3.1/../../../../arm-none-eabi/lib/thumb/v7e-m+fp/hard\libm.a
LOAD C:/ST/STM32CubeIDE_1.13.0/STM32CubeIDE/plugins/com.st.stm32cube.ide.mcu.externaltools.gnu-tools-for-stm32.11.3.rel1.win32_1.1.0.202305231506/tools/bin/../lib/gcc/arm-none-eabi/11.3.1/thumb/v7e-m+fp/hard\libgcc.a

.comment        0x0000000000000000       0x43
 .comment       0x0000000000000000       0x43 C:/ST/STM32CubeIDE_1.13.0/STM32CubeIDE/plugins/com.st.stm32cube.ide.mcu.externaltools.gnu-tools-for-stm32.11.3.rel1.win32_1.1.0.202305231506/tools/bin/../lib/gcc/arm-none-eabi/11.3.1/thumb/v7e-m+fp/hard/crtbegin.o
                                         0x44 (size before relaxing)
 .comment       0x0000000000000043       0x44 ./Src/ADC/ADC_program.o
 .comment       0x0000000000000043       0x44 ./Src/APP/APP.o
 .comment       0x0000000000000043       0x44 ./Src/ESP_AT_Commands/ESP01.o
 .comment       0x0000000000000043       0x44 ./Src/ESP_AT_Commands/USART_Program.o
 .comment       0x0000000000000043       0x44 ./Src/GPIO/GPIO_Program.o
 .comment       0x0000000000000043       0x44 ./Src/RCC/RCC_program.o
 .comment       0x0000000000000043       0x44 ./Src/SYSTICK/SYSTICK_program.o
 .comment       0x0000000000000043       0x44 ./Src/main.o
 .comment       0x0000000000000043       0x44 ./Src/queue/queue.o

.debug_info     0x0000000000000000     0x2699
 .debug_info    0x0000000000000000      0x2e3 ./Src/ADC/ADC_program.o
 .debug_info    0x00000000000002e3      0x950 ./Src/APP/APP.o
 .debug_info    0x0000000000000c33      0xcab ./Src/ESP_AT_Commands/ESP01.o
 .debug_info    0x00000000000018de      0x1a6 ./Src/ESP_AT_Commands/USART_Program.o
 .debug_info    0x0000000000001a84      0x5fb ./Src/GPIO/GPIO_Program.o
 .debug_info    0x000000000000207f       0xec ./Src/RCC/RCC_program.o
 .debug_info    0x000000000000216b      0x1b0 ./Src/SYSTICK/SYSTICK_program.o
 .debug_info    0x000000000000231b      0x1b2 ./Src/main.o
 .debug_info    0x00000000000024cd      0x1a9 ./Src/queue/queue.o
 .debug_info    0x0000000000002676       0x23 ./Startup/startup_stm32f401ccux.o

.debug_abbrev   0x0000000000000000      0xc55
 .debug_abbrev  0x0000000000000000      0x153 ./Src/ADC/ADC_program.o
 .debug_abbrev  0x0000000000000153      0x25f ./Src/APP/APP.o
 .debug_abbrev  0x00000000000003b2      0x247 ./Src/ESP_AT_Commands/ESP01.o
 .debug_abbrev  0x00000000000005f9      0x102 ./Src/ESP_AT_Commands/USART_Program.o
 .debug_abbrev  0x00000000000006fb      0x15c ./Src/GPIO/GPIO_Program.o
 .debug_abbrev  0x0000000000000857       0x79 ./Src/RCC/RCC_program.o
 .debug_abbrev  0x00000000000008d0       0xe3 ./Src/SYSTICK/SYSTICK_program.o
 .debug_abbrev  0x00000000000009b3      0x176 ./Src/main.o
 .debug_abbrev  0x0000000000000b29      0x11a ./Src/queue/queue.o
 .debug_abbrev  0x0000000000000c43       0x12 ./Startup/startup_stm32f401ccux.o

.debug_aranges  0x0000000000000000      0x300
 .debug_aranges
                0x0000000000000000       0x40 ./Src/ADC/ADC_program.o
 .debug_aranges
                0x0000000000000040       0x68 ./Src/APP/APP.o
 .debug_aranges
                0x00000000000000a8       0xa8 ./Src/ESP_AT_Commands/ESP01.o
 .debug_aranges
                0x0000000000000150       0x38 ./Src/ESP_AT_Commands/USART_Program.o
 .debug_aranges
                0x0000000000000188       0x68 ./Src/GPIO/GPIO_Program.o
 .debug_aranges
                0x00000000000001f0       0x30 ./Src/RCC/RCC_program.o
 .debug_aranges
                0x0000000000000220       0x58 ./Src/SYSTICK/SYSTICK_program.o
 .debug_aranges
                0x0000000000000278       0x20 ./Src/main.o
 .debug_aranges
                0x0000000000000298       0x40 ./Src/queue/queue.o
 .debug_aranges
                0x00000000000002d8       0x28 ./Startup/startup_stm32f401ccux.o

.debug_rnglists
                0x0000000000000000      0x21e
 .debug_rnglists
                0x0000000000000000       0x2c ./Src/ADC/ADC_program.o
 .debug_rnglists
                0x000000000000002c       0x4d ./Src/APP/APP.o
 .debug_rnglists
                0x0000000000000079       0x7f ./Src/ESP_AT_Commands/ESP01.o
 .debug_rnglists
                0x00000000000000f8       0x25 ./Src/ESP_AT_Commands/USART_Program.o
 .debug_rnglists
                0x000000000000011d       0x4c ./Src/GPIO/GPIO_Program.o
 .debug_rnglists
                0x0000000000000169       0x21 ./Src/RCC/RCC_program.o
 .debug_rnglists
                0x000000000000018a       0x3d ./Src/SYSTICK/SYSTICK_program.o
 .debug_rnglists
                0x00000000000001c7       0x13 ./Src/main.o
 .debug_rnglists
                0x00000000000001da       0x2b ./Src/queue/queue.o
 .debug_rnglists
                0x0000000000000205       0x19 ./Startup/startup_stm32f401ccux.o

.debug_macro    0x0000000000000000     0x1111
 .debug_macro   0x0000000000000000       0x37 ./Src/ADC/ADC_program.o
 .debug_macro   0x0000000000000037      0xaae ./Src/ADC/ADC_program.o
 .debug_macro   0x0000000000000ae5       0x10 ./Src/ADC/ADC_program.o
 .debug_macro   0x0000000000000af5       0x6a ./Src/ADC/ADC_program.o
 .debug_macro   0x0000000000000b5f       0x75 ./Src/APP/APP.o
 .debug_macro   0x0000000000000bd4       0x40 ./Src/APP/APP.o
 .debug_macro   0x0000000000000c14       0x16 ./Src/APP/APP.o
 .debug_macro   0x0000000000000c2a       0x16 ./Src/APP/APP.o
 .debug_macro   0x0000000000000c40       0xe2 ./Src/APP/APP.o
 .debug_macro   0x0000000000000d22       0x34 ./Src/APP/APP.o
 .debug_macro   0x0000000000000d56       0x10 ./Src/APP/APP.o
 .debug_macro   0x0000000000000d66       0x10 ./Src/APP/APP.o
 .debug_macro   0x0000000000000d76       0x8e ./Src/APP/APP.o
 .debug_macro   0x0000000000000e04       0x46 ./Src/APP/APP.o
 .debug_macro   0x0000000000000e4a       0x51 ./Src/ESP_AT_Commands/ESP01.o
 .debug_macro   0x0000000000000e9b       0x2e ./Src/ESP_AT_Commands/ESP01.o
 .debug_macro   0x0000000000000ec9       0x46 ./Src/ESP_AT_Commands/USART_Program.o
 .debug_macro   0x0000000000000f0f       0x1c ./Src/ESP_AT_Commands/USART_Program.o
 .debug_macro   0x0000000000000f2b       0x35 ./Src/GPIO/GPIO_Program.o
 .debug_macro   0x0000000000000f60       0x3e ./Src/RCC/RCC_program.o
 .debug_macro   0x0000000000000f9e       0x58 ./Src/RCC/RCC_program.o
 .debug_macro   0x0000000000000ff6       0x10 ./Src/RCC/RCC_program.o
 .debug_macro   0x0000000000001006       0x3e ./Src/SYSTICK/SYSTICK_program.o
 .debug_macro   0x0000000000001044       0x1c ./Src/SYSTICK/SYSTICK_program.o
 .debug_macro   0x0000000000001060       0x3a ./Src/SYSTICK/SYSTICK_program.o
 .debug_macro   0x000000000000109a       0x3e ./Src/main.o
 .debug_macro   0x00000000000010d8       0x29 ./Src/queue/queue.o
 .debug_macro   0x0000000000001101       0x10 ./Src/queue/queue.o

.debug_line     0x0000000000000000     0x1a6e
 .debug_line    0x0000000000000000      0x267 ./Src/ADC/ADC_program.o
 .debug_line    0x0000000000000267      0x51f ./Src/APP/APP.o
 .debug_line    0x0000000000000786      0x91f ./Src/ESP_AT_Commands/ESP01.o
 .debug_line    0x00000000000010a5      0x168 ./Src/ESP_AT_Commands/USART_Program.o
 .debug_line    0x000000000000120d      0x2de ./Src/GPIO/GPIO_Program.o
 .debug_line    0x00000000000014eb      0x10b ./Src/RCC/RCC_program.o
 .debug_line    0x00000000000015f6      0x1d7 ./Src/SYSTICK/SYSTICK_program.o
 .debug_line    0x00000000000017cd      0x12b ./Src/main.o
 .debug_line    0x00000000000018f8       0xfb ./Src/queue/queue.o
 .debug_line    0x00000000000019f3       0x7b ./Startup/startup_stm32f401ccux.o

.debug_str      0x0000000000000000     0x4b08
 .debug_str     0x0000000000000000     0x3042 ./Src/ADC/ADC_program.o
                                       0x30a1 (size before relaxing)
 .debug_str     0x0000000000003042      0xe09 ./Src/APP/APP.o
                                       0x3d8f (size before relaxing)
 .debug_str     0x0000000000003e4b      0x483 ./Src/ESP_AT_Commands/ESP01.o
                                       0x3a44 (size before relaxing)
 .debug_str     0x00000000000042ce      0x164 ./Src/ESP_AT_Commands/USART_Program.o
                                       0x31ad (size before relaxing)
 .debug_str     0x0000000000004432      0x12b ./Src/GPIO/GPIO_Program.o
                                       0x34e0 (size before relaxing)
 .debug_str     0x000000000000455d      0x2ee ./Src/RCC/RCC_program.o
                                       0x34aa (size before relaxing)
 .debug_str     0x000000000000484b      0x21f ./Src/SYSTICK/SYSTICK_program.o
                                       0x325a (size before relaxing)
 .debug_str     0x0000000000004a6a       0x1b ./Src/main.o
                                       0x33f8 (size before relaxing)
 .debug_str     0x0000000000004a85       0x54 ./Src/queue/queue.o
                                       0x2f19 (size before relaxing)
 .debug_str     0x0000000000004ad9       0x2f ./Startup/startup_stm32f401ccux.o
                                         0x63 (size before relaxing)

.debug_frame    0x0000000000000000      0xa34
 .debug_frame   0x0000000000000000       0xcc ./Src/ADC/ADC_program.o
 .debug_frame   0x00000000000000cc      0x17c ./Src/APP/APP.o
 .debug_frame   0x0000000000000248      0x2c0 ./Src/ESP_AT_Commands/ESP01.o
 .debug_frame   0x0000000000000508       0xa8 ./Src/ESP_AT_Commands/USART_Program.o
 .debug_frame   0x00000000000005b0      0x19c ./Src/GPIO/GPIO_Program.o
 .debug_frame   0x000000000000074c       0x80 ./Src/RCC/RCC_program.o
 .debug_frame   0x00000000000007cc      0x12c ./Src/SYSTICK/SYSTICK_program.o
 .debug_frame   0x00000000000008f8       0x30 ./Src/main.o
 .debug_frame   0x0000000000000928       0xc0 ./Src/queue/queue.o
 .debug_frame   0x00000000000009e8       0x20 C:/ST/STM32CubeIDE_1.13.0/STM32CubeIDE/plugins/com.st.stm32cube.ide.mcu.externaltools.gnu-tools-for-stm32.11.3.rel1.win32_1.1.0.202305231506/tools/bin/../lib/gcc/arm-none-eabi/11.3.1/../../../../arm-none-eabi/lib/thumb/v7e-m+fp/hard\libc_nano.a(libc_a-memset.o)
 .debug_frame   0x0000000000000a08       0x2c C:/ST/STM32CubeIDE_1.13.0/STM32CubeIDE/plugins/com.st.stm32cube.ide.mcu.externaltools.gnu-tools-for-stm32.11.3.rel1.win32_1.1.0.202305231506/tools/bin/../lib/gcc/arm-none-eabi/11.3.1/../../../../arm-none-eabi/lib/thumb/v7e-m+fp/hard\libc_nano.a(libc_a-init.o)

.debug_line_str
                0x0000000000000000       0x57
 .debug_line_str
                0x0000000000000000       0x57 ./Startup/startup_stm32f401ccux.o
                                         0x6f (size before relaxing)
